// Jest Snapshot v1, https://goo.gl/fbAQLP

exports[`PatientSearchWrapper should be as the snapshot 1`] = `null`;
