// Jest Snapshot v1, https://goo.gl/fbAQLP

exports[`SnvPatient should be as the snapshot 1`] = `null`;
