// Jest Snapshot v1, https://goo.gl/fbAQLP

exports[`PageContent should be as the snapshot 1`] = `null`;
